2026-05-11 16:51:48,947 | INFO |  * Detected change in 'D:\\Projects\\flaskdemo\\app.py', reloading
2026-05-11 16:51:49,096 | INFO |  * Restarting with stat
2026-05-11 16:51:50,250 | INFO | Logger initialized successfully
2026-05-11 16:51:50,270 | WARNING |  * Debugger is active!
2026-05-11 16:51:50,276 | INFO |  * Debugger PIN: 348-356-347
2026-05-11 16:52:19,372 | INFO |  * Detected change in 'D:\\Projects\\flaskdemo\\app.py', reloading
2026-05-11 16:52:19,556 | INFO |  * Restarting with stat
2026-05-11 16:52:22,635 | INFO | Logger initialized successfully
2026-05-11 16:52:22,657 | WARNING |  * Debugger is active!
2026-05-11 16:52:22,664 | INFO |  * Debugger PIN: 348-356-347
2026-05-11 16:52:29,974 | INFO |  * Detected change in 'D:\\Projects\\flaskdemo\\app.py', reloading
2026-05-11 16:52:30,147 | INFO |  * Restarting with stat
2026-05-11 16:52:31,160 | INFO | Logger initialized successfully
2026-05-11 16:52:31,181 | WARNING |  * Debugger is active!
2026-05-11 16:52:31,187 | INFO |  * Debugger PIN: 348-356-347
2026-05-11 16:52:47,222 | INFO | Logger initialized successfully
2026-05-11 16:52:47,300 | INFO | [31m[1mWARNING: This is a development server. Do not use it in a production deployment. Use a production WSGI server instead.[0m
 * Running on all addresses (0.0.0.0)
 * Running on http://127.0.0.1:5000
 * Running on http://192.168.31.238:5000
2026-05-11 16:52:47,300 | INFO | [33mPress CTRL+C to quit[0m
2026-05-11 16:52:47,303 | INFO |  * Restarting with stat
2026-05-11 16:52:48,297 | INFO | Logger initialized successfully
2026-05-11 16:52:48,318 | WARNING |  * Debugger is active!
2026-05-11 16:52:48,325 | INFO |  * Debugger PIN: 348-356-347
2026-05-11 16:53:08,966 | INFO | Home Page is called
2026-05-11 16:53:08,967 | INFO | 127.0.0.1 - - [11/May/2026 16:53:08] "GET / HTTP/1.1" 200 -
